Compiling file: main.c
