Archive member included to satisfy reference by file (symbol)

/opt/tools/gcc-arm-none-eabi-10.3-2021.10/bin/../lib/gcc/arm-none-eabi/10.3.1/../../../../arm-none-eabi/lib/thumb/v7e-m+fp/hard/libc_nano.a(lib_a-exit.o)
                              /opt/tools/gcc-arm-none-eabi-10.3-2021.10/bin/../lib/gcc/arm-none-eabi/10.3.1/../../../../arm-none-eabi/lib/thumb/v7e-m+fp/hard/crt0.o (exit)
/opt/tools/gcc-arm-none-eabi-10.3-2021.10/bin/../lib/gcc/arm-none-eabi/10.3.1/../../../../arm-none-eabi/lib/thumb/v7e-m+fp/hard/libc_nano.a(lib_a-impure.o)
                              /opt/tools/gcc-arm-none-eabi-10.3-2021.10/bin/../lib/gcc/arm-none-eabi/10.3.1/../../../../arm-none-eabi/lib/thumb/v7e-m+fp/hard/libc_nano.a(lib_a-exit.o) (_global_impure_ptr)
/opt/tools/gcc-arm-none-eabi-10.3-2021.10/bin/../lib/gcc/arm-none-eabi/10.3.1/../../../../arm-none-eabi/lib/thumb/v7e-m+fp/hard/libc_nano.a(lib_a-init.o)
                              /opt/tools/gcc-arm-none-eabi-10.3-2021.10/bin/../lib/gcc/arm-none-eabi/10.3.1/../../../../arm-none-eabi/lib/thumb/v7e-m+fp/hard/crt0.o (__libc_init_array)
/opt/tools/gcc-arm-none-eabi-10.3-2021.10/bin/../lib/gcc/arm-none-eabi/10.3.1/../../../../arm-none-eabi/lib/thumb/v7e-m+fp/hard/libc_nano.a(lib_a-memcpy-stub.o)
                              Build/nrf52832_xxaa/nrf_memobj.c.o (memcpy)
/opt/tools/gcc-arm-none-eabi-10.3-2021.10/bin/../lib/gcc/arm-none-eabi/10.3.1/../../../../arm-none-eabi/lib/thumb/v7e-m+fp/hard/libc_nano.a(lib_a-memset.o)
                              /opt/tools/gcc-arm-none-eabi-10.3-2021.10/bin/../lib/gcc/arm-none-eabi/10.3.1/../../../../arm-none-eabi/lib/thumb/v7e-m+fp/hard/crt0.o (memset)
/opt/tools/gcc-arm-none-eabi-10.3-2021.10/bin/../lib/gcc/arm-none-eabi/10.3.1/../../../../arm-none-eabi/lib/thumb/v7e-m+fp/hard/libc_nano.a(lib_a-strlen.o)
                              Build/nrf52832_xxaa/nrf_fprintf_format.c.o (strlen)
/opt/tools/gcc-arm-none-eabi-10.3-2021.10/bin/../lib/gcc/arm-none-eabi/10.3.1/../../../../arm-none-eabi/lib/thumb/v7e-m+fp/hard/libnosys.a(_exit.o)
                              /opt/tools/gcc-arm-none-eabi-10.3-2021.10/bin/../lib/gcc/arm-none-eabi/10.3.1/../../../../arm-none-eabi/lib/thumb/v7e-m+fp/hard/libc_nano.a(lib_a-exit.o) (_exit)

Discarded input sections

 .text          0x0000000000000000        0x0 /opt/tools/gcc-arm-none-eabi-10.3-2021.10/bin/../lib/gcc/arm-none-eabi/10.3.1/thumb/v7e-m+fp/hard/crti.o
 .data          0x0000000000000000        0x0 /opt/tools/gcc-arm-none-eabi-10.3-2021.10/bin/../lib/gcc/arm-none-eabi/10.3.1/thumb/v7e-m+fp/hard/crti.o
 .bss           0x0000000000000000        0x0 /opt/tools/gcc-arm-none-eabi-10.3-2021.10/bin/../lib/gcc/arm-none-eabi/10.3.1/thumb/v7e-m+fp/hard/crti.o
 .data          0x0000000000000000        0x4 /opt/tools/gcc-arm-none-eabi-10.3-2021.10/bin/../lib/gcc/arm-none-eabi/10.3.1/thumb/v7e-m+fp/hard/crtbegin.o
 .rodata        0x0000000000000000       0x24 /opt/tools/gcc-arm-none-eabi-10.3-2021.10/bin/../lib/gcc/arm-none-eabi/10.3.1/thumb/v7e-m+fp/hard/crtbegin.o
 .data          0x0000000000000000        0x0 /opt/tools/gcc-arm-none-eabi-10.3-2021.10/bin/../lib/gcc/arm-none-eabi/10.3.1/../../../../arm-none-eabi/lib/thumb/v7e-m+fp/hard/crt0.o
 .bss           0x0000000000000000        0x0 /opt/tools/gcc-arm-none-eabi-10.3-2021.10/bin/../lib/gcc/arm-none-eabi/10.3.1/../../../../arm-none-eabi/lib/thumb/v7e-m+fp/hard/crt0.o
 .ARM.extab     0x0000000000000000        0x0 /opt/tools/gcc-arm-none-eabi-10.3-2021.10/bin/../lib/gcc/arm-none-eabi/10.3.1/../../../../arm-none-eabi/lib/thumb/v7e-m+fp/hard/crt0.o
 .data          0x0000000000000000        0x0 Build/nrf52832_xxaa/gcc_startup_nrf52.S.o
 .bss           0x0000000000000000        0x0 Build/nrf52832_xxaa/gcc_startup_nrf52.S.o
 .group         0x0000000000000000        0xc Build/nrf52832_xxaa/nrf_log_frontend.c.o
 .group         0x0000000000000000        0xc Build/nrf52832_xxaa/nrf_log_frontend.c.o
 .group         0x0000000000000000        0xc Build/nrf52832_xxaa/nrf_log_frontend.c.o
 .group         0x0000000000000000        0xc Build/nrf52832_xxaa/nrf_log_frontend.c.o
 .group         0x0000000000000000        0xc Build/nrf52832_xxaa/nrf_log_frontend.c.o
 .group         0x0000000000000000        0xc Build/nrf52832_xxaa/nrf_log_frontend.c.o
 .group         0x0000000000000000        0xc Build/nrf52832_xxaa/nrf_log_frontend.c.o
 .group         0x0000000000000000        0xc Build/nrf52832_xxaa/nrf_log_frontend.c.o
 .group         0x0000000000000000        0xc Build/nrf52832_xxaa/nrf_log_frontend.c.o
 .group         0x0000000000000000        0xc Build/nrf52832_xxaa/nrf_log_frontend.c.o
 .group         0x0000000000000000        0xc Build/nrf52832_xxaa/nrf_log_frontend.c.o
 .group         0x0000000000000000        0xc Build/nrf52832_xxaa/nrf_log_frontend.c.o
 .group         0x0000000000000000        0xc Build/nrf52832_xxaa/nrf_log_frontend.c.o
 .group         0x0000000000000000        0xc Build/nrf52832_xxaa/nrf_log_frontend.c.o
[...]
Memory Configuration

Name             Origin             Length             Attributes
FLASH            0x0000000000000000 0x0000000000080000 xr
RAM              0x0000000020000000 0x0000000000010000 xrw
*default*        0x0000000000000000 0xffffffffffffffff

Linker script and memory map


.text           0x0000000000000000      0x80c
 *(.isr_vector)
 .isr_vector    0x0000000000000000      0x200 Build/nrf52832_xxaa/gcc_startup_nrf52.S.o
                0x0000000000000000                __isr_vector
 *(.text*)
 .text          0x0000000000000200       0x40 /opt/tools/gcc-arm-none-eabi-10.3-2021.10/bin/../lib/gcc/arm-none-eabi/10.3.1/thumb/v7e-m+fp/hard/crtbegin.o
 .text          0x0000000000000240       0x7c /opt/tools/gcc-arm-none-eabi-10.3-2021.10/bin/../lib/gcc/arm-none-eabi/10.3.1/../../../../arm-none-eabi/lib/thumb/v7e-m+fp/hard/crt0.o
                0x0000000000000240                _stack_init
                0x0000000000000248                _mainCRTStartup
                0x0000000000000248                _start
 .text          0x00000000000002bc       0x3c Build/nrf52832_xxaa/gcc_startup_nrf52.S.o
                0x00000000000002bc                Reset_Handler
                0x00000000000002e4                NMI_Handler
                0x00000000000002e6                HardFault_Handler
                0x00000000000002e8                MemoryManagement_Handler
                0x00000000000002ea                BusFault_Handler
                0x00000000000002ec                UsageFault_Handler
                0x00000000000002ee                SVC_Handler
                0x00000000000002f0                DebugMon_Handler
                0x00000000000002f2                PendSV_Handler
                0x00000000000002f4                SysTick_Handler
                0x00000000000002f6                TIMER2_IRQHandler
                0x00000000000002f6                RTC0_IRQHandler
                0x00000000000002f6                SWI0_EGU0_IRQHandler
                0x00000000000002f6                SWI2_EGU2_IRQHandler
                0x00000000000002f6                GPIOTE_IRQHandler
                0x00000000000002f6                PWM1_IRQHandler
                0x00000000000002f6                POWER_CLOCK_IRQHandler
                0x00000000000002f6                RADIO_IRQHandler
                0x00000000000002f6                PDM_IRQHandler
                0x00000000000002f6                TEMP_IRQHandler
                0x00000000000002f6                QDEC_IRQHandler
                0x00000000000002f6                TIMER3_IRQHandler
                0x00000000000002f6                FPU_IRQHandler
                0x00000000000002f6                SPIM0_SPIS0_TWIM0_TWIS0_SPI0_TWI0_IRQHandler
                0x00000000000002f6                UARTE0_UART0_IRQHandler
                0x00000000000002f6                TIMER4_IRQHandler
                0x00000000000002f6                I2S_IRQHandler
                0x00000000000002f6                SWI4_EGU4_IRQHandler
                0x00000000000002f6                TIMER0_IRQHandler
                0x00000000000002f6                TIMER1_IRQHandler
                0x00000000000002f6                PWM2_IRQHandler
                0x00000000000002f6                ECB_IRQHandler
                0x00000000000002f6                SPIM1_SPIS1_TWIM1_TWIS1_SPI1_TWI1_IRQHandler
                0x00000000000002f6                Default_Handler
                0x00000000000002f6                SAADC_IRQHandler
                0x00000000000002f6                CCM_AAR_IRQHandler
                0x00000000000002f6                WDT_IRQHandler
                0x00000000000002f6                SWI5_EGU5_IRQHandler
                0x00000000000002f6                RNG_IRQHandler
                0x00000000000002f6                RTC2_IRQHandler
                0x00000000000002f6                PWM0_IRQHandler
                0x00000000000002f6                SWI3_EGU3_IRQHandler
                0x00000000000002f6                RTC1_IRQHandler
                0x00000000000002f6                SWI1_EGU1_IRQHandler
                0x00000000000002f6                SPIM2_SPIS2_SPI2_IRQHandler
                0x00000000000002f6                NFCT_IRQHandler
                0x00000000000002f6                MWU_IRQHandler
                0x00000000000002f6                COMP_LPCOMP_IRQHandler
 .text.bsp_board_led_invert
                0x00000000000002f8       0x24 Build/nrf52832_xxaa/boards.c.o
                0x00000000000002f8                bsp_board_led_invert
 .text.bsp_board_init
                0x000000000000031c       0x5c Build/nrf52832_xxaa/boards.c.o
                0x000000000000031c                bsp_board_init
 .text.startup.main
                0x0000000000000378       0x3c Build/nrf52832_xxaa/main.c.o
                0x0000000000000378                main
 .text.SystemInit
                0x00000000000003b4      0x398 Build/nrf52832_xxaa/system_nrf52.c.o
                0x00000000000003b4                SystemInit
 .text.exit     0x000000000000074c       0x28 /opt/tools/gcc-arm-none-eabi-10.3-2021.10/bin/../lib/gcc/arm-none-eabi/10.3.1/../../../../arm-none-eabi/lib/thumb/v7e-m+fp/hard/libc_nano.a(lib_a-exit.o)
                0x000000000000074c                exit
 .text.__libc_init_array
                0x0000000000000774       0x48 /opt/tools/gcc-arm-none-eabi-10.3-2021.10/bin/../lib/gcc/arm-none-eabi/10.3.1/../../../../arm-none-eabi/lib/thumb/v7e-m+fp/hard/libc_nano.a(lib_a-init.o)
                0x0000000000000774                __libc_init_array
 .text.memset   0x00000000000007bc       0x10 /opt/tools/gcc-arm-none-eabi-10.3-2021.10/bin/../lib/gcc/arm-none-eabi/10.3.1/../../../../arm-none-eabi/lib/thumb/v7e-m+fp/hard/libc_nano.a(lib_a-memset.o)
                0x00000000000007bc                memset
 .text._exit    0x00000000000007cc        0x4 /opt/tools/gcc-arm-none-eabi-10.3-2021.10/bin/../lib/gcc/arm-none-eabi/10.3.1/../../../../arm-none-eabi/lib/thumb/v7e-m+fp/hard/libnosys.a(_exit.o)
                0x00000000000007cc                _exit
 *(.init)
 .init          0x00000000000007d0        0x4 /opt/tools/gcc-arm-none-eabi-10.3-2021.10/bin/../lib/gcc/arm-none-eabi/10.3.1/thumb/v7e-m+fp/hard/crti.o
                0x00000000000007d0                _init
 .init          0x00000000000007d4        0x8 /opt/tools/gcc-arm-none-eabi-10.3-2021.10/bin/../lib/gcc/arm-none-eabi/10.3.1/thumb/v7e-m+fp/hard/crtn.o
 *(.fini)
 .fini          0x00000000000007dc        0x4 /opt/tools/gcc-arm-none-eabi-10.3-2021.10/bin/../lib/gcc/arm-none-eabi/10.3.1/thumb/v7e-m+fp/hard/crti.o
                0x00000000000007dc                _fini
 .fini          0x00000000000007e0        0x8 /opt/tools/gcc-arm-none-eabi-10.3-2021.10/bin/../lib/gcc/arm-none-eabi/10.3.1/thumb/v7e-m+fp/hard/crtn.o
 *crtbegin.o(.ctors)
 *crtbegin?.o(.ctors)
 *(EXCLUDE_FILE(*crtend.o *crtend?.o) .ctors)
 *(SORT_BY_NAME(.ctors.*))
 *(.ctors)
 *crtbegin.o(.dtors)
 *crtbegin?.o(.dtors)
 *(EXCLUDE_FILE(*crtend.o *crtend?.o) .dtors)
 *(SORT_BY_NAME(.dtors.*))
 *(.dtors)
 *(.rodata*)
 .rodata.m_board_led_list
                0x00000000000007e8        0x4 Build/nrf52832_xxaa/boards.c.o
 *fill*         0x00000000000007ec        0x4 
 .rodata.delay_machine_code.0
                0x00000000000007f0        0x6 Build/nrf52832_xxaa/main.c.o
 *fill*         0x00000000000007f6        0x2 
 .rodata.CSWTCH.15
                0x00000000000007f8        0x4 Build/nrf52832_xxaa/system_nrf52.c.o
 .rodata.CSWTCH.19
                0x00000000000007fc        0x4 Build/nrf52832_xxaa/system_nrf52.c.o
 .rodata.CSWTCH.5
                0x0000000000000800        0x4 Build/nrf52832_xxaa/system_nrf52.c.o
 .rodata._global_impure_ptr
                0x0000000000000804        0x4 /opt/tools/gcc-arm-none-eabi-10.3-2021.10/bin/../lib/gcc/arm-none-eabi/10.3.1/../../../../arm-none-eabi/lib/thumb/v7e-m+fp/hard/libc_nano.a(lib_a-impure.o)
                0x0000000000000804                _global_impure_ptr
 *(.eh_frame*)
 .eh_frame      0x0000000000000808        0x0 /opt/tools/gcc-arm-none-eabi-10.3-2021.10/bin/../lib/gcc/arm-none-eabi/10.3.1/thumb/v7e-m+fp/hard/crtbegin.o
 .eh_frame      0x0000000000000808        0x4 /opt/tools/gcc-arm-none-eabi-10.3-2021.10/bin/../lib/gcc/arm-none-eabi/10.3.1/thumb/v7e-m+fp/hard/crtend.o

.glue_7         0x000000000000080c        0x0
 .glue_7        0x000000000000080c        0x0 linker stubs

.glue_7t        0x000000000000080c        0x0
 .glue_7t       0x000000000000080c        0x0 linker stubs

.vfp11_veneer   0x000000000000080c        0x0
 .vfp11_veneer  0x000000000000080c        0x0 linker stubs

.v4_bx          0x000000000000080c        0x0
 .v4_bx         0x000000000000080c        0x0 linker stubs

.iplt           0x000000000000080c        0x0
 .iplt          0x000000000000080c        0x0 /opt/tools/gcc-arm-none-eabi-10.3-2021.10/bin/../lib/gcc/arm-none-eabi/10.3.1/thumb/v7e-m+fp/hard/crtbegin.o

.mem_section_dummy_rom

.log_const_data
                0x000000000000080c        0x0
                [!provide]                        PROVIDE (__start_log_const_data = .)
 *(SORT_BY_NAME(.log_const_data*))
                [!provide]                        PROVIDE (__stop_log_const_data = .)

.log_backends   0x000000000000080c        0x0
                [!provide]                        PROVIDE (__start_log_backends = .)
 *(SORT_BY_NAME(.log_backends*))
                [!provide]                        PROVIDE (__stop_log_backends = .)

.nrf_balloc     0x000000000000080c        0x0
                [!provide]                        PROVIDE (__start_nrf_balloc = .)
 *(.nrf_balloc)
                [!provide]                        PROVIDE (__stop_nrf_balloc = .)

.ARM.extab
 *(.ARM.extab* .gnu.linkonce.armextab.*)
                0x000000000000080c                __exidx_start = .

.ARM.exidx      0x000000000000080c        0x8
 *(.ARM.exidx* .gnu.linkonce.armexidx.*)
 .ARM.exidx     0x000000000000080c        0x8 /opt/tools/gcc-arm-none-eabi-10.3-2021.10/bin/../lib/gcc/arm-none-eabi/10.3.1/../../../../arm-none-eabi/lib/thumb/v7e-m+fp/hard/crt0.o
                                         0x10 (size before relaxing)
                0x0000000000000814                __exidx_end = .

.rel.dyn        0x0000000000000814        0x0
 .rel.iplt      0x0000000000000814        0x0 /opt/tools/gcc-arm-none-eabi-10.3-2021.10/bin/../lib/gcc/arm-none-eabi/10.3.1/thumb/v7e-m+fp/hard/crtbegin.o
                0x0000000000000814                . = ALIGN (0x4)
                0x0000000000000814                __etext = .

.data           0x0000000020000000       0x6c load address 0x0000000000000814
                0x0000000020000000                __data_start__ = .
 *(vtable)
 *(.data*)
 .data.SystemCoreClock
                0x0000000020000000        0x4 Build/nrf52832_xxaa/system_nrf52.c.o
                0x0000000020000000                SystemCoreClock
 .data.impure_data
                0x0000000020000004       0x60 /opt/tools/gcc-arm-none-eabi-10.3-2021.10/bin/../lib/gcc/arm-none-eabi/10.3.1/../../../../arm-none-eabi/lib/thumb/v7e-m+fp/hard/libc_nano.a(lib_a-impure.o)
                0x0000000020000064                . = ALIGN (0x4)
                0x0000000020000064                PROVIDE (__preinit_array_start = .)
 *(.preinit_array)
                0x0000000020000064                PROVIDE (__preinit_array_end = .)
                0x0000000020000064                . = ALIGN (0x4)
                0x0000000020000064                PROVIDE (__init_array_start = .)
 *(SORT_BY_NAME(.init_array.*))
 *(.init_array)
 .init_array    0x0000000020000064        0x4 /opt/tools/gcc-arm-none-eabi-10.3-2021.10/bin/../lib/gcc/arm-none-eabi/10.3.1/thumb/v7e-m+fp/hard/crtbegin.o
                0x0000000020000068                PROVIDE (__init_array_end = .)
                0x0000000020000068                . = ALIGN (0x4)
                [!provide]                        PROVIDE (__fini_array_start = .)
 *(SORT_BY_NAME(.fini_array.*))
 *(.fini_array)
 .fini_array    0x0000000020000068        0x4 /opt/tools/gcc-arm-none-eabi-10.3-2021.10/bin/../lib/gcc/arm-none-eabi/10.3.1/thumb/v7e-m+fp/hard/crtbegin.o
                [!provide]                        PROVIDE (__fini_array_end = .)
 *(.jcr*)
                0x000000002000006c                . = ALIGN (0x4)
                0x000000002000006c                __data_end__ = .
LOAD /opt/tools/gcc-arm-none-eabi-10.3-2021.10/bin/../lib/gcc/arm-none-eabi/10.3.1/thumb/v7e-m+fp/hard/crti.o
LOAD /opt/tools/gcc-arm-none-eabi-10.3-2021.10/bin/../lib/gcc/arm-none-eabi/10.3.1/thumb/v7e-m+fp/hard/crtbegin.o
LOAD /opt/tools/gcc-arm-none-eabi-10.3-2021.10/bin/../lib/gcc/arm-none-eabi/10.3.1/../../../../arm-none-eabi/lib/thumb/v7e-m+fp/hard/crt0.o
LOAD Build/nrf52832_xxaa/gcc_startup_nrf52.S.o
LOAD Build/nrf52832_xxaa/nrf_log_frontend.c.o
LOAD Build/nrf52832_xxaa/nrf_log_str_formatter.c.o
LOAD Build/nrf52832_xxaa/boards.c.o
LOAD Build/nrf52832_xxaa/app_error.c.o
LOAD Build/nrf52832_xxaa/app_error_handler_gcc.c.o
LOAD Build/nrf52832_xxaa/app_error_weak.c.o
LOAD Build/nrf52832_xxaa/app_util_platform.c.o
LOAD Build/nrf52832_xxaa/nrf_assert.c.o
LOAD Build/nrf52832_xxaa/nrf_atomic.c.o
LOAD Build/nrf52832_xxaa/nrf_balloc.c.o
LOAD Build/nrf52832_xxaa/nrf_fprintf.c.o
LOAD Build/nrf52832_xxaa/nrf_fprintf_format.c.o
LOAD Build/nrf52832_xxaa/nrf_memobj.c.o
LOAD Build/nrf52832_xxaa/nrf_ringbuf.c.o
LOAD Build/nrf52832_xxaa/nrf_strerror.c.o
LOAD Build/nrf52832_xxaa/nrfx_atomic.c.o
LOAD Build/nrf52832_xxaa/main.c.o
LOAD Build/nrf52832_xxaa/system_nrf52.c.o
LOAD /opt/tools/gcc-arm-none-eabi-10.3-2021.10/bin/../lib/gcc/arm-none-eabi/10.3.1/../../../../arm-none-eabi/lib/thumb/v7e-m+fp/hard/libc_nano.a
LOAD /opt/tools/gcc-arm-none-eabi-10.3-2021.10/bin/../lib/gcc/arm-none-eabi/10.3.1/../../../../arm-none-eabi/lib/thumb/v7e-m+fp/hard/libnosys.a
LOAD /opt/tools/gcc-arm-none-eabi-10.3-2021.10/bin/../lib/gcc/arm-none-eabi/10.3.1/../../../../arm-none-eabi/lib/thumb/v7e-m+fp/hard/libm.a
START GROUP
LOAD /opt/tools/gcc-arm-none-eabi-10.3-2021.10/bin/../lib/gcc/arm-none-eabi/10.3.1/thumb/v7e-m+fp/hard/libgcc.a
LOAD /opt/tools/gcc-arm-none-eabi-10.3-2021.10/bin/../lib/gcc/arm-none-eabi/10.3.1/../../../../arm-none-eabi/lib/thumb/v7e-m+fp/hard/libg_nano.a
LOAD /opt/tools/gcc-arm-none-eabi-10.3-2021.10/bin/../lib/gcc/arm-none-eabi/10.3.1/../../../../arm-none-eabi/lib/thumb/v7e-m+fp/hard/libc_nano.a
END GROUP
START GROUP
LOAD /opt/tools/gcc-arm-none-eabi-10.3-2021.10/bin/../lib/gcc/arm-none-eabi/10.3.1/thumb/v7e-m+fp/hard/libgcc.a
LOAD /opt/tools/gcc-arm-none-eabi-10.3-2021.10/bin/../lib/gcc/arm-none-eabi/10.3.1/../../../../arm-none-eabi/lib/thumb/v7e-m+fp/hard/libc_nano.a
END GROUP
LOAD /opt/tools/gcc-arm-none-eabi-10.3-2021.10/bin/../lib/gcc/arm-none-eabi/10.3.1/thumb/v7e-m+fp/hard/crtend.o
LOAD /opt/tools/gcc-arm-none-eabi-10.3-2021.10/bin/../lib/gcc/arm-none-eabi/10.3.1/thumb/v7e-m+fp/hard/crtn.o
START GROUP
LOAD /opt/tools/gcc-arm-none-eabi-10.3-2021.10/bin/../lib/gcc/arm-none-eabi/10.3.1/thumb/v7e-m+fp/hard/libgcc.a
LOAD /opt/tools/gcc-arm-none-eabi-10.3-2021.10/bin/../lib/gcc/arm-none-eabi/10.3.1/../../../../arm-none-eabi/lib/thumb/v7e-m+fp/hard/libc.a
LOAD /opt/tools/gcc-arm-none-eabi-10.3-2021.10/bin/../lib/gcc/arm-none-eabi/10.3.1/../../../../arm-none-eabi/lib/thumb/v7e-m+fp/hard/libnosys.a
END GROUP

.igot.plt       0x000000002000006c        0x0 load address 0x0000000000000880
 .igot.plt      0x000000002000006c        0x0 /opt/tools/gcc-arm-none-eabi-10.3-2021.10/bin/../lib/gcc/arm-none-eabi/10.3.1/thumb/v7e-m+fp/hard/crtbegin.o
                0x000000002000006c                . = ALIGN (0x4)

.mem_section_dummy_ram

.log_dynamic_data
                0x000000002000006c        0x0
                [!provide]                        PROVIDE (__start_log_dynamic_data = .)
 *(SORT_BY_NAME(.log_dynamic_data*))
                [!provide]                        PROVIDE (__stop_log_dynamic_data = .)

.log_filter_data
                0x000000002000006c        0x0
                [!provide]                        PROVIDE (__start_log_filter_data = .)
 *(SORT_BY_NAME(.log_filter_data*))
                [!provide]                        PROVIDE (__stop_log_filter_data = .)

.bss            0x000000002000006c       0x1c load address 0x0000000000000880
                0x000000002000006c                . = ALIGN (0x4)
                0x000000002000006c                __bss_start__ = .
 *(.bss*)
 .bss           0x000000002000006c       0x1c /opt/tools/gcc-arm-none-eabi-10.3-2021.10/bin/../lib/gcc/arm-none-eabi/10.3.1/thumb/v7e-m+fp/hard/crtbegin.o
 *(COMMON)
                0x0000000020000088                . = ALIGN (0x4)
                0x0000000020000088                __bss_end__ = .

.heap           0x0000000020000088     0x2000
                0x0000000020000088                __HeapBase = .
                0x0000000020000088                __end__ = .
                [!provide]                        PROVIDE (end = .)
 *(.heap*)
 .heap          0x0000000020000088     0x2000 Build/nrf52832_xxaa/gcc_startup_nrf52.S.o
                0x0000000020002088                __HeapLimit = .

.stack_dummy    0x0000000020000088     0x2000
 *(.stack*)
 .stack         0x0000000020000088     0x2000 Build/nrf52832_xxaa/gcc_startup_nrf52.S.o
                0x0000000020010000                __StackTop = (ORIGIN (RAM) + LENGTH (RAM))
                0x000000002000e000                __StackLimit = (__StackTop - SIZEOF (.stack_dummy))
                0x0000000020010000                PROVIDE (__stack = __StackTop)
                0x0000000000000001                ASSERT ((__StackLimit >= __HeapLimit), region RAM overflowed with stack)
                0x000000000000006c                DataInitFlashUsed = (__bss_start__ - __data_start__)
                0x0000000000000814                CodeFlashUsed = (__etext - ORIGIN (FLASH))
                0x0000000000000880                TotalFlashUsed = (CodeFlashUsed + DataInitFlashUsed)
                0x0000000000000001                ASSERT ((TotalFlashUsed <= LENGTH (FLASH)), region FLASH overflowed with .data and user data)
OUTPUT(Build/nrf52832_xxaa.out elf32-littlearm)
LOAD linker stubs

.ARM.attributes
                0x0000000000000000       0x30
 .ARM.attributes
                0x0000000000000000       0x1e /opt/tools/gcc-arm-none-eabi-10.3-2021.10/bin/../lib/gcc/arm-none-eabi/10.3.1/thumb/v7e-m+fp/hard/crti.o
 .ARM.attributes
                0x000000000000001e       0x34 /opt/tools/gcc-arm-none-eabi-10.3-2021.10/bin/../lib/gcc/arm-none-eabi/10.3.1/thumb/v7e-m+fp/hard/crtbegin.o
 .ARM.attributes
                0x0000000000000052       0x1c /opt/tools/gcc-arm-none-eabi-10.3-2021.10/bin/../lib/gcc/arm-none-eabi/10.3.1/../../../../arm-none-eabi/lib/thumb/v7e-m+fp/hard/crt0.o
 .ARM.attributes
                0x000000000000006e       0x20 Build/nrf52832_xxaa/gcc_startup_nrf52.S.o
 .ARM.attributes
                0x000000000000008e       0x34 Build/nrf52832_xxaa/boards.c.o
 .ARM.attributes
                0x00000000000000c2       0x34 Build/nrf52832_xxaa/main.c.o
 .ARM.attributes
                0x00000000000000f6       0x34 Build/nrf52832_xxaa/system_nrf52.c.o
 .ARM.attributes
                0x000000000000012a       0x34 /opt/tools/gcc-arm-none-eabi-10.3-2021.10/bin/../lib/gcc/arm-none-eabi/10.3.1/../../../../arm-none-eabi/lib/thumb/v7e-m+fp/hard/libc_nano.a(lib_a-exit.o)
 .ARM.attributes
                0x000000000000015e       0x34 /opt/tools/gcc-arm-none-eabi-10.3-2021.10/bin/../lib/gcc/arm-none-eabi/10.3.1/../../../../arm-none-eabi/lib/thumb/v7e-m+fp/hard/libc_nano.a(lib_a-impure.o)
 .ARM.attributes
                0x0000000000000192       0x34 /opt/tools/gcc-arm-none-eabi-10.3-2021.10/bin/../lib/gcc/arm-none-eabi/10.3.1/../../../../arm-none-eabi/lib/thumb/v7e-m+fp/hard/libc_nano.a(lib_a-init.o)
 .ARM.attributes
                0x00000000000001c6       0x34 /opt/tools/gcc-arm-none-eabi-10.3-2021.10/bin/../lib/gcc/arm-none-eabi/10.3.1/../../../../arm-none-eabi/lib/thumb/v7e-m+fp/hard/libc_nano.a(lib_a-memset.o)
 .ARM.attributes
                0x00000000000001fa       0x34 /opt/tools/gcc-arm-none-eabi-10.3-2021.10/bin/../lib/gcc/arm-none-eabi/10.3.1/../../../../arm-none-eabi/lib/thumb/v7e-m+fp/hard/libnosys.a(_exit.o)
 .ARM.attributes
                0x000000000000022e       0x34 /opt/tools/gcc-arm-none-eabi-10.3-2021.10/bin/../lib/gcc/arm-none-eabi/10.3.1/thumb/v7e-m+fp/hard/crtend.o
 .ARM.attributes
                0x0000000000000262       0x1e /opt/tools/gcc-arm-none-eabi-10.3-2021.10/bin/../lib/gcc/arm-none-eabi/10.3.1/thumb/v7e-m+fp/hard/crtn.o

.comment        0x0000000000000000       0x49
 .comment       0x0000000000000000       0x49 Build/nrf52832_xxaa/boards.c.o
                                         0x4a (size before relaxing)
 .comment       0x0000000000000049       0x4a Build/nrf52832_xxaa/main.c.o
 .comment       0x0000000000000049       0x4a Build/nrf52832_xxaa/system_nrf52.c.o

.debug_line     0x0000000000000000     0x209c
 .debug_line    0x0000000000000000       0x7a Build/nrf52832_xxaa/gcc_startup_nrf52.S.o
 .debug_line    0x000000000000007a      0xfbf Build/nrf52832_xxaa/boards.c.o
 .debug_line    0x0000000000001039      0x737 Build/nrf52832_xxaa/main.c.o
 .debug_line    0x0000000000001770      0x92c Build/nrf52832_xxaa/system_nrf52.c.o

.debug_info     0x0000000000000000     0x254e
 .debug_info    0x0000000000000000       0x26 Build/nrf52832_xxaa/gcc_startup_nrf52.S.o
 .debug_info    0x0000000000000026      0xddc Build/nrf52832_xxaa/boards.c.o
 .debug_info    0x0000000000000e02      0x242 Build/nrf52832_xxaa/main.c.o
 .debug_info    0x0000000000001044     0x150a Build/nrf52832_xxaa/system_nrf52.c.o

.debug_abbrev   0x0000000000000000      0x6ce
 .debug_abbrev  0x0000000000000000       0x14 Build/nrf52832_xxaa/gcc_startup_nrf52.S.o
 .debug_abbrev  0x0000000000000014      0x2df Build/nrf52832_xxaa/boards.c.o
 .debug_abbrev  0x00000000000002f3      0x182 Build/nrf52832_xxaa/main.c.o
 .debug_abbrev  0x0000000000000475      0x259 Build/nrf52832_xxaa/system_nrf52.c.o

.debug_aranges  0x0000000000000000       0xe0
 .debug_aranges
                0x0000000000000000       0x20 Build/nrf52832_xxaa/gcc_startup_nrf52.S.o
 .debug_aranges
                0x0000000000000020       0x78 Build/nrf52832_xxaa/boards.c.o
 .debug_aranges
                0x0000000000000098       0x20 Build/nrf52832_xxaa/main.c.o
 .debug_aranges
                0x00000000000000b8       0x28 Build/nrf52832_xxaa/system_nrf52.c.o

.debug_str      0x0000000000000000    0x6ee9a
 .debug_str     0x0000000000000000       0x5c Build/nrf52832_xxaa/gcc_startup_nrf52.S.o
 .debug_str     0x000000000000005c    0x6e78b Build/nrf52832_xxaa/boards.c.o
                                      0x6f4f5 (size before relaxing)
 .debug_str     0x000000000006e7e7       0xa9 Build/nrf52832_xxaa/main.c.o
                                      0x6f066 (size before relaxing)
 .debug_str     0x000000000006e890      0x60a Build/nrf52832_xxaa/system_nrf52.c.o
                                      0x5e262 (size before relaxing)

.debug_loc      0x0000000000000000     0x10fc
 .debug_loc     0x0000000000000000      0xd67 Build/nrf52832_xxaa/boards.c.o
 .debug_loc     0x0000000000000d67       0xcc Build/nrf52832_xxaa/main.c.o
 .debug_loc     0x0000000000000e33      0x2c9 Build/nrf52832_xxaa/system_nrf52.c.o

.debug_ranges   0x0000000000000000      0xab8
 .debug_ranges  0x0000000000000000      0x928 Build/nrf52832_xxaa/boards.c.o
 .debug_ranges  0x0000000000000928       0x90 Build/nrf52832_xxaa/main.c.o
 .debug_ranges  0x00000000000009b8      0x100 Build/nrf52832_xxaa/system_nrf52.c.o

.debug_macro    0x0000000000000000     0x171e
 .debug_macro   0x0000000000000000      0x33e Build/nrf52832_xxaa/boards.c.o
 .debug_macro   0x000000000000033e       0xfb Build/nrf52832_xxaa/boards.c.o
 .debug_macro   0x0000000000000439       0x40 Build/nrf52832_xxaa/boards.c.o
 .debug_macro   0x0000000000000479      0x3dc Build/nrf52832_xxaa/boards.c.o
 .debug_macro   0x0000000000000855       0x59 Build/nrf52832_xxaa/boards.c.o
 .debug_macro   0x00000000000008ae       0x1f Build/nrf52832_xxaa/boards.c.o
 .debug_macro   0x00000000000008cd      0x131 Build/nrf52832_xxaa/boards.c.o
 .debug_macro   0x00000000000009fe       0x3f Build/nrf52832_xxaa/boards.c.o
 .debug_macro   0x0000000000000a3d       0x16 Build/nrf52832_xxaa/boards.c.o
 .debug_macro   0x0000000000000a53       0x10 Build/nrf52832_xxaa/boards.c.o
 .debug_macro   0x0000000000000a63       0xbe Build/nrf52832_xxaa/boards.c.o
 .debug_macro   0x0000000000000b21       0x16 Build/nrf52832_xxaa/boards.c.o
 .debug_macro   0x0000000000000b37      0x129 Build/nrf52832_xxaa/boards.c.o
 .debug_macro   0x0000000000000c60       0x49 Build/nrf52832_xxaa/boards.c.o
 .debug_macro   0x0000000000000ca9       0x8c Build/nrf52832_xxaa/boards.c.o
 .debug_macro   0x0000000000000d35       0x19 Build/nrf52832_xxaa/boards.c.o
 .debug_macro   0x0000000000000d4e       0x1d Build/nrf52832_xxaa/boards.c.o
 .debug_macro   0x0000000000000d6b       0x35 Build/nrf52832_xxaa/boards.c.o
 .debug_macro   0x0000000000000da0       0x7b Build/nrf52832_xxaa/boards.c.o
 .debug_macro   0x0000000000000e1b       0x64 Build/nrf52832_xxaa/boards.c.o
 .debug_macro   0x0000000000000e7f       0x20 Build/nrf52832_xxaa/boards.c.o
 .debug_macro   0x0000000000000e9f       0x1c Build/nrf52832_xxaa/boards.c.o
 .debug_macro   0x0000000000000ebb      0x25a Build/nrf52832_xxaa/boards.c.o
 .debug_macro   0x0000000000001115      0x16d Build/nrf52832_xxaa/boards.c.o
 .debug_macro   0x0000000000001282      0x348 Build/nrf52832_xxaa/main.c.o
 .debug_macro   0x00000000000015ca       0x22 Build/nrf52832_xxaa/main.c.o
 .debug_macro   0x00000000000015ec      0x132 Build/nrf52832_xxaa/system_nrf52.c.o

.debug_frame    0x0000000000000000      0x1f4
 .debug_frame   0x0000000000000000       0xf4 Build/nrf52832_xxaa/boards.c.o
 .debug_frame   0x00000000000000f4       0x2c Build/nrf52832_xxaa/main.c.o
 .debug_frame   0x0000000000000120       0x40 Build/nrf52832_xxaa/system_nrf52.c.o
 .debug_frame   0x0000000000000160       0x28 /opt/tools/gcc-arm-none-eabi-10.3-2021.10/bin/../lib/gcc/arm-none-eabi/10.3.1/../../../../arm-none-eabi/lib/thumb/v7e-m+fp/hard/libc_nano.a(lib_a-exit.o)
 .debug_frame   0x0000000000000188       0x2c /opt/tools/gcc-arm-none-eabi-10.3-2021.10/bin/../lib/gcc/arm-none-eabi/10.3.1/../../../../arm-none-eabi/lib/thumb/v7e-m+fp/hard/libc_nano.a(lib_a-init.o)
 .debug_frame   0x00000000000001b4       0x20 /opt/tools/gcc-arm-none-eabi-10.3-2021.10/bin/../lib/gcc/arm-none-eabi/10.3.1/../../../../arm-none-eabi/lib/thumb/v7e-m+fp/hard/libc_nano.a(lib_a-memset.o)
 .debug_frame   0x00000000000001d4       0x20 /opt/tools/gcc-arm-none-eabi-10.3-2021.10/bin/../lib/gcc/arm-none-eabi/10.3.1/../../../../arm-none-eabi/lib/thumb/v7e-m+fp/hard/libnosys.a(_exit.o)
